// Vitest Snapshot v1, https://vitest.dev/guide/snapshot.html

exports[`ExecutionPreflightPage > blockers snapshot row for 'blocked'/'candidate' > blocked-candidate-symbol_not_found 1`] = `"[blocked] candidate::symbol_not_found - No validated candidate found for symbol ETH."`;

exports[`ExecutionPreflightPage > blockers snapshot row for 'blocked'/'runtime' > blocked-runtime-stale_runtime_snapshot 1`] = `"[blocked] runtime::stale_runtime_snapshot - Latest screener snapshot is stale."`;

exports[`ExecutionPreflightPage > blockers snapshot row for 'watching'/'gate' > watching-gate-execution_disabled 1`] = `"[watching] gate::execution_disabled - Execution mode is disabled by configuration."`;
